[      0 s] RHF E = -108.929838386 (SQD_Alain notebook: -108.929838); active 26 orbitals, nelec (5, 5), ecore -76.236888
[      0 s] RHF properties: {'E': np.float64(-108.929838), 'N_electrons': 14.0, 'r2': 35.604289, 'x2': 21.067793, 'y2': 7.268248, 'Theta_xx': -1.300818, 'Theta_yy': 0.650409, 'rho_N': 197.19089}
[      0 s] CCSD E = -109.217788419 (notebook -109.217788), CCSD(T) E = -109.226934298; properties: {'N_electrons': 14.0, 'r2': 35.538971, 'x2': 21.166051, 'y2': 7.18646, 'Theta_xx': -1.480864, 'Theta_yy': 0.740432, 'rho_N': 197.124144}
[     99 s] SCI cutoff 0.001: E = -109.219708599 (notebook 'exact' -109.226902), dets = 774400, 99 s; {'N_electrons': 14.0, 'r2': 35.559597, 'x2': 21.164358, 'y2': 7.197618, 'Theta_xx': -1.468011, 'Theta_yy': 0.734008, 'rho_N': 197.126554}
[    100 s] bit array: 50000 shots x 52 bits
[    101 s] SQD spb=1000 iteration 1: D = 100, E = -104.801192621; {'N_electrons': 14.0, 'r2': 48.813881, 'x2': 30.217213, 'y2': 9.298334, 'Theta_xx': -8.420152, 'Theta_yy': 4.210076, 'rho_N': 192.138015}
[   1225 s] SQD spb=1000 iteration 2: D = 2745649, E = -109.009219016; {'N_electrons': 14.0, 'r2': 35.84726, 'x2': 21.228192, 'y2': 7.319056, 'Theta_xx': -1.419932, 'Theta_yy': 0.695682, 'rho_N': 197.134259}
[   2719 s] SQD spb=1000 iteration 3: D = 3122289, E = -109.187048412; {'N_electrons': 14.0, 'r2': 35.556789, 'x2': 21.160739, 'y2': 7.198757, 'Theta_xx': -1.463988, 'Theta_yy': 0.730895, 'rho_N': 197.132086}
[   4728 s] SQD spb=1000 iteration 4: D = 4363921, E = -109.196930787; {'N_electrons': 14.0, 'r2': 35.545962, 'x2': 21.155458, 'y2': 7.194921, 'Theta_xx': -1.461478, 'Theta_yy': 0.731236, 'rho_N': 197.128651}
[   7035 s] SQD spb=1000 iteration 5: D = 5522500, E = -109.205811091; {'N_electrons': 14.0, 'r2': 35.551708, 'x2': 21.159171, 'y2': 7.195517, 'Theta_xx': -1.464175, 'Theta_yy': 0.733215, 'rho_N': 197.123346}
[   9872 s] SQD spb=1000 iteration 6: D = 6656400, E = -109.211224196; {'N_electrons': 14.0, 'r2': 35.561267, 'x2': 21.16337, 'y2': 7.199261, 'Theta_xx': -1.465695, 'Theta_yy': 0.732378, 'rho_N': 197.124398}
[  12803 s] SQD spb=1000 iteration 7: D = 7474756, E = -109.215477700; {'N_electrons': 14.0, 'r2': 35.5711, 'x2': 21.169042, 'y2': 7.202463, 'Theta_xx': -1.469286, 'Theta_yy': 0.732492, 'rho_N': 197.124609}
[  16002 s] SQD spb=1000 iteration 8: D = 8082649, E = -109.218273439; {'N_electrons': 14.0, 'r2': 35.573661, 'x2': 21.17058, 'y2': 7.203169, 'Theta_xx': -1.470313, 'Theta_yy': 0.732713, 'rho_N': 197.123133}
[  19382 s] SQD spb=1000 iteration 9: D = 8714304, E = -109.219887278; {'N_electrons': 14.0, 'r2': 35.577009, 'x2': 21.174695, 'y2': 7.202737, 'Theta_xx': -1.474811, 'Theta_yy': 0.735035, 'rho_N': 197.121598}
[  25989 s] SQD spb=1000 iteration 10: D = 9541921, E = -109.221975195; {'N_electrons': 14.0, 'r2': 35.569969, 'x2': 21.171804, 'y2': 7.199543, 'Theta_xx': -1.473995, 'Theta_yy': 0.736307, 'rho_N': 197.121985}
[  31488 s] SQD spb=1000 iteration 11: D = 10118761, E = -109.222699916; {'N_electrons': 14.0, 'r2': 35.568837, 'x2': 21.171188, 'y2': 7.199248, 'Theta_xx': -1.473636, 'Theta_yy': 0.736184, 'rho_N': 197.122011}
[  35405 s] SQD spb=1000 iteration 12: D = 10543009, E = -109.223396354; {'N_electrons': 14.0, 'r2': 35.567763, 'x2': 21.170402, 'y2': 7.199124, 'Theta_xx': -1.472995, 'Theta_yy': 0.735832, 'rho_N': 197.122111}
[  39629 s] SQD spb=1000 iteration 13: D = 10850436, E = -109.223760053; {'N_electrons': 14.0, 'r2': 35.567896, 'x2': 21.170206, 'y2': 7.199265, 'Theta_xx': -1.472634, 'Theta_yy': 0.735688, 'rho_N': 197.122312}
[  43940 s] SQD spb=1000 iteration 14: D = 11269449, E = -109.224200838; {'N_electrons': 14.0, 'r2': 35.567474, 'x2': 21.170503, 'y2': 7.198849, 'Theta_xx': -1.473291, 'Theta_yy': 0.7361, 'rho_N': 197.122111}
[  48403 s] SQD spb=1000 iteration 15: D = 11587216, E = -109.224446763; {'N_electrons': 14.0, 'r2': 35.567009, 'x2': 21.170178, 'y2': 7.198783, 'Theta_xx': -1.473036, 'Theta_yy': 0.735967, 'rho_N': 197.122228}
[  52889 s] SQD spb=1000 iteration 16: D = 12250000, E = -109.224795789; {'N_electrons': 14.0, 'r2': 35.565837, 'x2': 21.169798, 'y2': 7.198031, 'Theta_xx': -1.473052, 'Theta_yy': 0.736509, 'rho_N': 197.122273}
[  57512 s] SQD spb=1000 iteration 17: D = 12489156, E = -109.224969149; {'N_electrons': 14.0, 'r2': 35.566475, 'x2': 21.17044, 'y2': 7.198003, 'Theta_xx': -1.473696, 'Theta_yy': 0.736869, 'rho_N': 197.121998}
[  62241 s] SQD spb=1000 iteration 18: D = 12809241, E = -109.225297588; {'N_electrons': 14.0, 'r2': 35.565527, 'x2': 21.170081, 'y2': 7.197758, 'Theta_xx': -1.473631, 'Theta_yy': 0.736763, 'rho_N': 197.121711}
[  67082 s] SQD spb=1000 iteration 19: D = 13242321, E = -109.225506685; {'N_electrons': 14.0, 'r2': 35.565536, 'x2': 21.170284, 'y2': 7.197638, 'Theta_xx': -1.473931, 'Theta_yy': 0.736947, 'rho_N': 197.121549}
[  72036 s] SQD spb=1000 iteration 20: D = 13490929, E = -109.225589186; {'N_electrons': 14.0, 'r2': 35.566393, 'x2': 21.171073, 'y2': 7.197685, 'Theta_xx': -1.474687, 'Theta_yy': 0.737306, 'rho_N': 197.121372}
[  72038 s] SQD spb=1000 FINAL: D = 13490929, E = -109.225589186, 71938 s; {'N_electrons': 14.0, 'r2': 35.566393, 'x2': 21.171073, 'y2': 7.197685, 'Theta_xx': -1.474687, 'Theta_yy': 0.737306, 'rho_N': 197.121372}
[  72038 s] done
rc=0
