[     3 s] R = 1.0975: (10e,12o), dim 627264, FCI -108.999490, HF -108.867774
[     3 s] all: start perturbed, sigma = 0.1 x RMS(x0) = 0.0206 (RMS 0.2063), seed 4, |noise| 0.4403
[     4 s] all from t2: E -108.872383, 215 configurations, weight 0.9784
[   699 s]     iteration 1  E -108.953953 (+45.54 mHa above FCI)
[  1022 s]     iteration 2  E -108.957926 (+41.56 mHa above FCI)
[  1347 s]     iteration 3  E -108.960216 (+39.27 mHa above FCI)
[  1676 s]     iteration 4  E -108.965102 (+34.39 mHa above FCI)
[  1986 s]     iteration 5  E -108.973532 (+25.96 mHa above FCI)
[  2295 s]     iteration 6  E -108.978568 (+20.92 mHa above FCI)
[  2602 s]     iteration 7  E -108.979710 (+19.78 mHa above FCI)
[  2954 s]     iteration 8  E -108.980243 (+19.25 mHa above FCI)
[  3314 s]     iteration 9  E -108.980671 (+18.82 mHa above FCI)
[  3620 s]     iteration 10  E -108.981000 (+18.49 mHa above FCI)
[  3944 s]     iteration 11  E -108.981159 (+18.33 mHa above FCI)
[  4248 s]     iteration 12  E -108.981237 (+18.25 mHa above FCI)
[  4592 s]     iteration 13  E -108.981283 (+18.21 mHa above FCI)
[  4895 s]     iteration 14  E -108.981312 (+18.18 mHa above FCI)
[  5199 s]     iteration 15  E -108.981331 (+18.16 mHa above FCI)
[  5501 s]     iteration 16  E -108.981347 (+18.14 mHa above FCI)
[  5805 s]     iteration 17  E -108.981360 (+18.13 mHa above FCI)
[  6210 s]     iteration 18  E -108.981373 (+18.12 mHa above FCI)
[  6512 s]     iteration 19  E -108.981384 (+18.11 mHa above FCI)
[  6854 s]     iteration 20  E -108.981396 (+18.09 mHa above FCI)
[  7168 s]     iteration 21  E -108.981406 (+18.08 mHa above FCI)
[  7472 s]     iteration 22  E -108.981416 (+18.07 mHa above FCI)
[  7780 s]     iteration 23  E -108.981426 (+18.06 mHa above FCI)
[  8107 s]     iteration 24  E -108.981435 (+18.06 mHa above FCI)
[  8412 s]     iteration 25  E -108.981443 (+18.05 mHa above FCI)
[  8717 s]     iteration 26  E -108.981451 (+18.04 mHa above FCI)
[  9019 s]     iteration 27  E -108.981459 (+18.03 mHa above FCI)
[  9321 s]     iteration 28  E -108.981466 (+18.02 mHa above FCI)
[  9625 s]     iteration 29  E -108.981473 (+18.02 mHa above FCI)
[  9959 s]     iteration 30  E -108.981480 (+18.01 mHa above FCI)
[ 10290 s]     iteration 31  E -108.981486 (+18.00 mHa above FCI)
[ 10587 s]     iteration 32  E -108.981491 (+18.00 mHa above FCI)
[ 10891 s]     iteration 33  E -108.981496 (+17.99 mHa above FCI)
[ 11216 s]     iteration 34  E -108.981500 (+17.99 mHa above FCI)
[ 11514 s]     iteration 35  E -108.981504 (+17.99 mHa above FCI)
[ 11818 s]     iteration 36  E -108.981507 (+17.98 mHa above FCI)
[ 12126 s]     iteration 37  E -108.981509 (+17.98 mHa above FCI)
[ 12456 s]     iteration 38  E -108.981511 (+17.98 mHa above FCI)
[ 12799 s]     iteration 39  E -108.981512 (+17.98 mHa above FCI)
[ 13101 s]     iteration 40  E -108.981513 (+17.98 mHa above FCI)
[ 13102 s]     iteration 41  E -108.981513 (+17.98 mHa above FCI)
[ 13102 s] all optimized: 444 parameters, 41 iterations in all (40 this run), converged=True [Convergence: Relative reduction of objective function <= ftol.], E -108.981513 (+17.98 mHa), 177 configurations, weight 0.9880, static loop +16.45 mHa on 59 strings (13099 s)
[ 13102 s] saved
