[     4 s] R = 1.0975: (10e,12o), dim 627264, FCI -108.999490, HF -108.867774
[     4 s] local: resuming from lucj_overlap_local.npz at iteration 16, E -108.955406 (+44.08 mHa above FCI)
[   664 s]     iteration 17  E -108.955446 (+44.04 mHa above FCI)
[   990 s]     iteration 18  E -108.955487 (+44.00 mHa above FCI)
[  1292 s]     iteration 19  E -108.955529 (+43.96 mHa above FCI)
[  1622 s]     iteration 20  E -108.955572 (+43.92 mHa above FCI)
[  1956 s]     iteration 21  E -108.955616 (+43.87 mHa above FCI)
[  2269 s]     iteration 22  E -108.955662 (+43.83 mHa above FCI)
[  2584 s]     iteration 23  E -108.955707 (+43.78 mHa above FCI)
[  2923 s]     iteration 24  E -108.955751 (+43.74 mHa above FCI)
[  3246 s]     iteration 25  E -108.955794 (+43.70 mHa above FCI)
[  3568 s]     iteration 26  E -108.955835 (+43.66 mHa above FCI)
[  3877 s]     iteration 27  E -108.955873 (+43.62 mHa above FCI)
[  4196 s]     iteration 28  E -108.955910 (+43.58 mHa above FCI)
[  4514 s]     iteration 29  E -108.955945 (+43.55 mHa above FCI)
[  4855 s]     iteration 30  E -108.955978 (+43.51 mHa above FCI)
[  5159 s]     iteration 31  E -108.956010 (+43.48 mHa above FCI)
[  5476 s]     iteration 32  E -108.956041 (+43.45 mHa above FCI)
[  5786 s]     iteration 33  E -108.956070 (+43.42 mHa above FCI)
[  6098 s]     iteration 34  E -108.956099 (+43.39 mHa above FCI)
[  6413 s]     iteration 35  E -108.956126 (+43.36 mHa above FCI)
[  6735 s]     iteration 36  E -108.956153 (+43.34 mHa above FCI)
[  7048 s]     iteration 37  E -108.956178 (+43.31 mHa above FCI)
[  7403 s]     iteration 38  E -108.956203 (+43.29 mHa above FCI)
[  7749 s]     iteration 39  E -108.956226 (+43.26 mHa above FCI)
[  8075 s]     iteration 40  E -108.956248 (+43.24 mHa above FCI)
[  8401 s]     iteration 41  E -108.956269 (+43.22 mHa above FCI)
[  8713 s]     iteration 42  E -108.956289 (+43.20 mHa above FCI)
[  9027 s]     iteration 43  E -108.956307 (+43.18 mHa above FCI)
[  9365 s]     iteration 44  E -108.956325 (+43.17 mHa above FCI)
[  9708 s]     iteration 45  E -108.956341 (+43.15 mHa above FCI)
[ 10020 s]     iteration 46  E -108.956356 (+43.13 mHa above FCI)
[ 10328 s]     iteration 47  E -108.956371 (+43.12 mHa above FCI)
[ 10670 s]     iteration 48  E -108.956384 (+43.11 mHa above FCI)
[ 11033 s]     iteration 49  E -108.956396 (+43.09 mHa above FCI)
[ 11351 s]     iteration 50  E -108.956408 (+43.08 mHa above FCI)
[ 11682 s]     iteration 51  E -108.956419 (+43.07 mHa above FCI)
[ 12030 s]     iteration 52  E -108.956429 (+43.06 mHa above FCI)
[ 12379 s]     iteration 53  E -108.956438 (+43.05 mHa above FCI)
[ 12734 s]     iteration 54  E -108.956446 (+43.04 mHa above FCI)
[ 13060 s]     iteration 55  E -108.956454 (+43.04 mHa above FCI)
[ 13406 s]     iteration 56  E -108.956461 (+43.03 mHa above FCI)
[ 13746 s]     iteration 57  E -108.956468 (+43.02 mHa above FCI)
[ 14096 s]     iteration 58  E -108.956474 (+43.02 mHa above FCI)
[ 14458 s]     iteration 59  E -108.956480 (+43.01 mHa above FCI)
[ 14797 s]     iteration 60  E -108.956485 (+43.01 mHa above FCI)
[ 15163 s]     iteration 61  E -108.956489 (+43.00 mHa above FCI)
[ 15528 s]     iteration 62  E -108.956493 (+43.00 mHa above FCI)
[ 15884 s]     iteration 63  E -108.956497 (+42.99 mHa above FCI)
[ 16221 s]     iteration 64  E -108.956500 (+42.99 mHa above FCI)
[ 16571 s]     iteration 65  E -108.956503 (+42.99 mHa above FCI)
[ 16914 s]     iteration 66  E -108.956506 (+42.98 mHa above FCI)
[ 17231 s]     iteration 67  E -108.956509 (+42.98 mHa above FCI)
[ 17582 s]     iteration 68  E -108.956511 (+42.98 mHa above FCI)
[ 17941 s]     iteration 69  E -108.956513 (+42.98 mHa above FCI)
[ 18319 s]     iteration 70  E -108.956514 (+42.98 mHa above FCI)
[ 18671 s]     iteration 71  E -108.956516 (+42.97 mHa above FCI)
[ 19086 s]     iteration 72  E -108.956517 (+42.97 mHa above FCI)
[ 19371 s]     iteration 73  E -108.956518 (+42.97 mHa above FCI)
[ 19610 s]     iteration 74  E -108.956519 (+42.97 mHa above FCI)
[ 19611 s]     iteration 75  E -108.956519 (+42.97 mHa above FCI)
[ 19611 s] local optimized: 311 parameters, 75 iterations in all (58 this run), converged=True [Convergence: Relative reduction of objective function <= ftol.], E -108.956519 (+42.97 mHa), 256 configurations, weight 0.9886, static loop +6.73 mHa on 93 strings (19607 s)
[ 19611 s] saved
