[     5 s] R = 1.0975: (10e,12o), dim 627264, FCI -108.999490, HF -108.867774
[     7 s] local from t2: E -108.891439, 15 configurations, weight 0.9576
[   795 s]     iteration 1  E -108.938488 (+61.00 mHa above FCI)
[  1169 s]     iteration 2  E -108.942944 (+56.55 mHa above FCI)
[  1578 s]     iteration 3  E -108.944855 (+54.63 mHa above FCI)
[  1942 s]     iteration 4  E -108.947466 (+52.02 mHa above FCI)
[  2312 s]     iteration 5  E -108.950974 (+48.52 mHa above FCI)
[  2685 s]     iteration 6  E -108.953010 (+46.48 mHa above FCI)
[  3034 s]     iteration 7  E -108.953813 (+45.68 mHa above FCI)
[  3376 s]     iteration 8  E -108.954294 (+45.20 mHa above FCI)
[  3749 s]     iteration 9  E -108.954688 (+44.80 mHa above FCI)
[  4118 s]     iteration 10  E -108.955025 (+44.47 mHa above FCI)
[  4478 s]     iteration 11  E -108.955297 (+44.19 mHa above FCI)
[  4860 s]     iteration 12  E -108.955499 (+43.99 mHa above FCI)
[  5249 s]     iteration 13  E -108.955671 (+43.82 mHa above FCI)
[  5628 s]     iteration 14  E -108.955758 (+43.73 mHa above FCI)
[  5948 s]     iteration 15  E -108.955802 (+43.69 mHa above FCI)
[  6294 s]     iteration 16  E -108.955829 (+43.66 mHa above FCI)
[  6632 s]     iteration 17  E -108.955853 (+43.64 mHa above FCI)
[  7009 s]     iteration 18  E -108.955873 (+43.62 mHa above FCI)
[  7332 s]     iteration 19  E -108.955892 (+43.60 mHa above FCI)
[  7642 s]     iteration 20  E -108.955911 (+43.58 mHa above FCI)
[  7952 s]     iteration 21  E -108.955932 (+43.56 mHa above FCI)
[  8265 s]     iteration 22  E -108.955956 (+43.53 mHa above FCI)
[  8602 s]     iteration 23  E -108.955982 (+43.51 mHa above FCI)
[  8916 s]     iteration 24  E -108.956012 (+43.48 mHa above FCI)
[  9248 s]     iteration 25  E -108.956046 (+43.44 mHa above FCI)
[  9556 s]     iteration 26  E -108.956084 (+43.41 mHa above FCI)
[  9874 s]     iteration 27  E -108.956125 (+43.37 mHa above FCI)
[ 10175 s]     iteration 28  E -108.956169 (+43.32 mHa above FCI)
[ 10490 s]     iteration 29  E -108.956216 (+43.27 mHa above FCI)
[ 10818 s]     iteration 30  E -108.956264 (+43.23 mHa above FCI)
[ 11136 s]     iteration 31  E -108.956314 (+43.18 mHa above FCI)
[ 11455 s]     iteration 32  E -108.956363 (+43.13 mHa above FCI)
[ 11788 s]     iteration 33  E -108.956412 (+43.08 mHa above FCI)
[ 12128 s]     iteration 34  E -108.956459 (+43.03 mHa above FCI)
[ 12459 s]     iteration 35  E -108.956505 (+42.99 mHa above FCI)
[ 12758 s]     iteration 36  E -108.956548 (+42.94 mHa above FCI)
[ 13089 s]     iteration 37  E -108.956590 (+42.90 mHa above FCI)
[ 13401 s]     iteration 38  E -108.956629 (+42.86 mHa above FCI)
[ 13714 s]     iteration 39  E -108.956666 (+42.82 mHa above FCI)
[ 14028 s]     iteration 40  E -108.956702 (+42.79 mHa above FCI)
[ 14366 s]     iteration 41  E -108.956736 (+42.75 mHa above FCI)
[ 14689 s]     iteration 42  E -108.956768 (+42.72 mHa above FCI)
[ 14968 s]     iteration 43  E -108.956798 (+42.69 mHa above FCI)
[ 15214 s]     iteration 44  E -108.956826 (+42.66 mHa above FCI)
[ 15439 s]     iteration 45  E -108.956852 (+42.64 mHa above FCI)
[ 15678 s]     iteration 46  E -108.956875 (+42.62 mHa above FCI)
[ 15915 s]     iteration 47  E -108.956896 (+42.59 mHa above FCI)
[ 16140 s]     iteration 48  E -108.956914 (+42.58 mHa above FCI)
[ 16378 s]     iteration 49  E -108.956930 (+42.56 mHa above FCI)
[ 16617 s]     iteration 50  E -108.956943 (+42.55 mHa above FCI)
[ 16849 s]     iteration 51  E -108.956955 (+42.54 mHa above FCI)
[ 17089 s]     iteration 52  E -108.956964 (+42.53 mHa above FCI)
[ 17334 s]     iteration 53  E -108.956972 (+42.52 mHa above FCI)
[ 17567 s]     iteration 54  E -108.956979 (+42.51 mHa above FCI)
[ 17812 s]     iteration 55  E -108.956984 (+42.51 mHa above FCI)
[ 18047 s]     iteration 56  E -108.956989 (+42.50 mHa above FCI)
[ 18266 s]     iteration 57  E -108.956993 (+42.50 mHa above FCI)
[ 18502 s]     iteration 58  E -108.956996 (+42.49 mHa above FCI)
[ 18733 s]     iteration 59  E -108.956999 (+42.49 mHa above FCI)
[ 18956 s]     iteration 60  E -108.957001 (+42.49 mHa above FCI)
[ 19196 s]     iteration 61  E -108.957003 (+42.49 mHa above FCI)
[ 19440 s]     iteration 62  E -108.957005 (+42.49 mHa above FCI)
[ 19664 s]     iteration 63  E -108.957006 (+42.48 mHa above FCI)
[ 19908 s]     iteration 64  E -108.957007 (+42.48 mHa above FCI)
[ 20128 s]     iteration 65  E -108.957008 (+42.48 mHa above FCI)
[ 20128 s]     iteration 66  E -108.957008 (+42.48 mHa above FCI)
[ 20129 s] local optimized: 311 parameters, 66 iterations in all (65 this run), converged=True [Convergence: Relative reduction of objective function <= ftol.], E -108.957008 (+42.48 mHa), 233 configurations, weight 0.9872, static loop +7.57 mHa on 93 strings (20122 s)
[ 20129 s] saved
