[     4 s] R = 1.0975: (10e,12o), dim 627264, FCI -108.999490, HF -108.867774
[     4 s] all: resuming from lucj_overlap_all.npz at iteration 15, E -108.981464 (+18.03 mHa above FCI)
[   930 s]     iteration 16  E -108.981488 (+18.00 mHa above FCI)
[  1422 s]     iteration 17  E -108.981503 (+17.99 mHa above FCI)
[  1861 s]     iteration 18  E -108.981514 (+17.98 mHa above FCI)
[  2328 s]     iteration 19  E -108.981541 (+17.95 mHa above FCI)
[  2773 s]     iteration 20  E -108.981681 (+17.81 mHa above FCI)
[  3216 s]     iteration 21  E -108.982762 (+16.73 mHa above FCI)
[  3670 s]     iteration 22  E -108.984069 (+15.42 mHa above FCI)
[  4112 s]     iteration 23  E -108.984333 (+15.16 mHa above FCI)
[  4567 s]     iteration 24  E -108.984454 (+15.04 mHa above FCI)
[  5000 s]     iteration 25  E -108.984547 (+14.94 mHa above FCI)
[  5432 s]     iteration 26  E -108.984623 (+14.87 mHa above FCI)
[  5881 s]     iteration 27  E -108.984690 (+14.80 mHa above FCI)
[  6324 s]     iteration 28  E -108.984760 (+14.73 mHa above FCI)
[  6785 s]     iteration 29  E -108.984835 (+14.65 mHa above FCI)
[  7232 s]     iteration 30  E -108.984925 (+14.57 mHa above FCI)
[  7701 s]     iteration 31  E -108.985028 (+14.46 mHa above FCI)
[  8160 s]     iteration 32  E -108.985150 (+14.34 mHa above FCI)
[  8591 s]     iteration 33  E -108.985287 (+14.20 mHa above FCI)
[  9040 s]     iteration 34  E -108.985447 (+14.04 mHa above FCI)
[  9508 s]     iteration 35  E -108.985643 (+13.85 mHa above FCI)
[  9947 s]     iteration 36  E -108.985924 (+13.57 mHa above FCI)
[ 10398 s]     iteration 37  E -108.986383 (+13.11 mHa above FCI)
[ 10841 s]     iteration 38  E -108.987098 (+12.39 mHa above FCI)
[ 11409 s]     iteration 39  E -108.988120 (+11.37 mHa above FCI)
[ 11853 s]     iteration 40  E -108.988695 (+10.80 mHa above FCI)
[ 12337 s]     iteration 41  E -108.988997 (+10.49 mHa above FCI)
[ 12818 s]     iteration 42  E -108.989247 (+10.24 mHa above FCI)
[ 13262 s]     iteration 43  E -108.989506 (+9.98 mHa above FCI)
[ 13732 s]     iteration 44  E -108.989792 (+9.70 mHa above FCI)
[ 14215 s]     iteration 45  E -108.989993 (+9.50 mHa above FCI)
[ 14667 s]     iteration 46  E -108.990102 (+9.39 mHa above FCI)
[ 15159 s]     iteration 47  E -108.990167 (+9.32 mHa above FCI)
[ 15650 s]     iteration 48  E -108.990203 (+9.29 mHa above FCI)
[ 16123 s]     iteration 49  E -108.990223 (+9.27 mHa above FCI)
[ 16624 s]     iteration 50  E -108.990235 (+9.26 mHa above FCI)
[ 17073 s]     iteration 51  E -108.990242 (+9.25 mHa above FCI)
[ 17548 s]     iteration 52  E -108.990246 (+9.24 mHa above FCI)
[ 18073 s]     iteration 53  E -108.990249 (+9.24 mHa above FCI)
[ 18556 s]     iteration 54  E -108.990251 (+9.24 mHa above FCI)
[ 19143 s]     iteration 55  E -108.990252 (+9.24 mHa above FCI)
[ 19143 s]     iteration 56  E -108.990252 (+9.24 mHa above FCI)
[ 19145 s] all optimized: 444 parameters, 56 iterations in all (40 this run), converged=True [Convergence: Relative reduction of objective function <= ftol.], E -108.990252 (+9.24 mHa), 256 configurations, weight 0.9967, static loop +2.29 mHa on 90 strings (19140 s)
[ 19145 s] saved
