[     3 s] R = 1.0975: (10e,12o), dim 627264, FCI -108.999490, HF -108.867774
[     4 s] all from t2: E -108.934146, 37 configurations, weight 0.9766
[   644 s]     iteration 1  E -108.954287 (+45.20 mHa above FCI)
[   948 s]     iteration 2  E -108.956301 (+43.19 mHa above FCI)
[  1256 s]     iteration 3  E -108.958317 (+41.17 mHa above FCI)
[  1555 s]     iteration 4  E -108.960484 (+39.01 mHa above FCI)
[  1865 s]     iteration 5  E -108.965668 (+33.82 mHa above FCI)
[  2175 s]     iteration 6  E -108.974352 (+25.14 mHa above FCI)
[  2480 s]     iteration 7  E -108.978152 (+21.34 mHa above FCI)
[  2787 s]     iteration 8  E -108.979344 (+20.15 mHa above FCI)
[  3114 s]     iteration 9  E -108.979597 (+19.89 mHa above FCI)
[  3445 s]     iteration 10  E -108.979855 (+19.64 mHa above FCI)
[  3744 s]     iteration 11  E -108.980299 (+19.19 mHa above FCI)
[  4047 s]     iteration 12  E -108.980892 (+18.60 mHa above FCI)
[  4366 s]     iteration 13  E -108.981276 (+18.21 mHa above FCI)
[  4699 s]     iteration 14  E -108.981399 (+18.09 mHa above FCI)
[  5007 s]     iteration 15  E -108.981446 (+18.04 mHa above FCI)
[  5311 s]     iteration 16  E -108.981471 (+18.02 mHa above FCI)
[  5621 s]     iteration 17  E -108.981488 (+18.00 mHa above FCI)
[  5926 s]     iteration 18  E -108.981501 (+17.99 mHa above FCI)
[  6263 s]     iteration 19  E -108.981512 (+17.98 mHa above FCI)
[  6606 s]     iteration 20  E -108.981522 (+17.97 mHa above FCI)
[  6930 s]     iteration 21  E -108.981532 (+17.96 mHa above FCI)
[  7246 s]     iteration 22  E -108.981542 (+17.95 mHa above FCI)
[  7575 s]     iteration 23  E -108.981551 (+17.94 mHa above FCI)
[  7907 s]     iteration 24  E -108.981559 (+17.93 mHa above FCI)
[  8215 s]     iteration 25  E -108.981565 (+17.93 mHa above FCI)
[  8542 s]     iteration 26  E -108.981570 (+17.92 mHa above FCI)
[  8877 s]     iteration 27  E -108.981574 (+17.92 mHa above FCI)
[  9186 s]     iteration 28  E -108.981577 (+17.91 mHa above FCI)
[  9507 s]     iteration 29  E -108.981580 (+17.91 mHa above FCI)
[  9895 s]     iteration 30  E -108.981581 (+17.91 mHa above FCI)
[ 10215 s]     iteration 31  E -108.981582 (+17.91 mHa above FCI)
[ 10539 s]     iteration 32  E -108.981583 (+17.91 mHa above FCI)
[ 10540 s]     iteration 33  E -108.981583 (+17.91 mHa above FCI)
[ 10540 s] all optimized: 444 parameters, 33 iterations in all (32 this run), converged=True [Convergence: Relative reduction of objective function <= ftol.], E -108.981583 (+17.91 mHa), 180 configurations, weight 0.9881, static loop +16.15 mHa on 63 strings (10536 s)
[ 10540 s] saved
