[     5 s] R = 1.0975: (10e,12o), dim 627264, FCI -108.999490, HF -108.867774
[     7 s] all from t2: E -108.934146, 37 configurations, weight 0.9766
[  1042 s]     iteration 1  E -108.954057 (+45.43 mHa above FCI)
[  1638 s]     iteration 2  E -108.955239 (+44.25 mHa above FCI)
[  2137 s]     iteration 3  E -108.956655 (+42.84 mHa above FCI)
[  2672 s]     iteration 4  E -108.959943 (+39.55 mHa above FCI)
[  3175 s]     iteration 5  E -108.968854 (+30.64 mHa above FCI)
[  3654 s]     iteration 6  E -108.977094 (+22.40 mHa above FCI)
[  4197 s]     iteration 7  E -108.978678 (+20.81 mHa above FCI)
[  4666 s]     iteration 8  E -108.979548 (+19.94 mHa above FCI)
[  5182 s]     iteration 9  E -108.981055 (+18.44 mHa above FCI)
[  5683 s]     iteration 10  E -108.982934 (+16.56 mHa above FCI)
[  6152 s]     iteration 11  E -108.983522 (+15.97 mHa above FCI)
[  6603 s]     iteration 12  E -108.983767 (+15.72 mHa above FCI)
[  7102 s]     iteration 13  E -108.983914 (+15.58 mHa above FCI)
[  7536 s]     iteration 14  E -108.984028 (+15.46 mHa above FCI)
[  7999 s]     iteration 15  E -108.984121 (+15.37 mHa above FCI)
[  8437 s]     iteration 16  E -108.984193 (+15.30 mHa above FCI)
[  8909 s]     iteration 17  E -108.984246 (+15.24 mHa above FCI)
[  9364 s]     iteration 18  E -108.984278 (+15.21 mHa above FCI)
[  9799 s]     iteration 19  E -108.984293 (+15.20 mHa above FCI)
[ 10272 s]     iteration 20  E -108.984302 (+15.19 mHa above FCI)
[ 10704 s]     iteration 21  E -108.984306 (+15.18 mHa above FCI)
[ 11155 s]     iteration 22  E -108.984310 (+15.18 mHa above FCI)
[ 11614 s]     iteration 23  E -108.984314 (+15.18 mHa above FCI)
[ 12058 s]     iteration 24  E -108.984320 (+15.17 mHa above FCI)
[ 12516 s]     iteration 25  E -108.984326 (+15.16 mHa above FCI)
[ 12956 s]     iteration 26  E -108.984332 (+15.16 mHa above FCI)
[ 13418 s]     iteration 27  E -108.984336 (+15.15 mHa above FCI)
[ 13859 s]     iteration 28  E -108.984339 (+15.15 mHa above FCI)
[ 14326 s]     iteration 29  E -108.984341 (+15.15 mHa above FCI)
[ 14806 s]     iteration 30  E -108.984342 (+15.15 mHa above FCI)
[ 14807 s]     iteration 31  E -108.984342 (+15.15 mHa above FCI)
[ 14808 s] all optimized: 444 parameters, 31 iterations in all (30 this run), converged=True [Convergence: Relative reduction of objective function <= ftol.], E -108.984342 (+15.15 mHa), 186 configurations, weight 0.9900, static loop +12.20 mHa on 64 strings (14801 s)
[ 14808 s] saved
