[     3 s] R = 1.0975: (10e,12o), dim 627264, FCI -108.999490, HF -108.867774
[     4 s] local from t2: E -108.891437, 16 configurations, weight 0.9640
[   459 s]     iteration 1  E -108.932989 (+66.50 mHa above FCI)
[   663 s]     iteration 2  E -108.933194 (+66.30 mHa above FCI)
[   866 s]     iteration 3  E -108.933276 (+66.21 mHa above FCI)
[  1123 s]     iteration 4  E -108.939382 (+60.11 mHa above FCI)
[  1356 s]     iteration 5  E -108.945277 (+54.21 mHa above FCI)
[  1575 s]     iteration 6  E -108.948951 (+50.54 mHa above FCI)
[  1811 s]     iteration 7  E -108.950802 (+48.69 mHa above FCI)
[  2019 s]     iteration 8  E -108.951928 (+47.56 mHa above FCI)
[  2235 s]     iteration 9  E -108.952628 (+46.86 mHa above FCI)
[  2445 s]     iteration 10  E -108.953143 (+46.35 mHa above FCI)
[  2663 s]     iteration 11  E -108.953567 (+45.92 mHa above FCI)
[  2874 s]     iteration 12  E -108.953973 (+45.52 mHa above FCI)
[  3098 s]     iteration 13  E -108.954272 (+45.22 mHa above FCI)
[  3354 s]     iteration 14  E -108.954499 (+44.99 mHa above FCI)
[  3570 s]     iteration 15  E -108.954664 (+44.83 mHa above FCI)
[  3873 s]     iteration 16  E -108.954789 (+44.70 mHa above FCI)
[  4086 s]     iteration 17  E -108.954903 (+44.59 mHa above FCI)
[  4298 s]     iteration 18  E -108.954993 (+44.50 mHa above FCI)
[  4532 s]     iteration 19  E -108.955058 (+44.43 mHa above FCI)
[  4749 s]     iteration 20  E -108.955108 (+44.38 mHa above FCI)
[  4995 s]     iteration 21  E -108.955147 (+44.34 mHa above FCI)
[  5215 s]     iteration 22  E -108.955176 (+44.31 mHa above FCI)
[  5455 s]     iteration 23  E -108.955191 (+44.30 mHa above FCI)
[  5683 s]     iteration 24  E -108.955212 (+44.28 mHa above FCI)
[  5893 s]     iteration 25  E -108.955230 (+44.26 mHa above FCI)
[  6109 s]     iteration 26  E -108.955242 (+44.25 mHa above FCI)
[  6324 s]     iteration 27  E -108.955251 (+44.24 mHa above FCI)
[  6561 s]     iteration 28  E -108.955258 (+44.23 mHa above FCI)
[  6786 s]     iteration 29  E -108.955263 (+44.23 mHa above FCI)
[  6993 s]     iteration 30  E -108.955267 (+44.22 mHa above FCI)
[  7233 s]     iteration 31  E -108.955269 (+44.22 mHa above FCI)
[  7446 s]     iteration 32  E -108.955273 (+44.22 mHa above FCI)
[  7690 s]     iteration 33  E -108.955277 (+44.21 mHa above FCI)
[  7902 s]     iteration 34  E -108.955280 (+44.21 mHa above FCI)
[  8136 s]     iteration 35  E -108.955283 (+44.21 mHa above FCI)
[  8349 s]     iteration 36  E -108.955286 (+44.20 mHa above FCI)
[  8565 s]     iteration 37  E -108.955289 (+44.20 mHa above FCI)
[  8814 s]     iteration 38  E -108.955292 (+44.20 mHa above FCI)
[  9034 s]     iteration 39  E -108.955295 (+44.20 mHa above FCI)
[  9269 s]     iteration 40  E -108.955298 (+44.19 mHa above FCI)
[  9496 s]     iteration 41  E -108.955301 (+44.19 mHa above FCI)
[  9740 s]     iteration 42  E -108.955305 (+44.19 mHa above FCI)
[  9966 s]     iteration 43  E -108.955309 (+44.18 mHa above FCI)
[ 10201 s]     iteration 44  E -108.955314 (+44.18 mHa above FCI)
[ 10438 s]     iteration 45  E -108.955318 (+44.17 mHa above FCI)
[ 10664 s]     iteration 46  E -108.955324 (+44.17 mHa above FCI)
[ 10912 s]     iteration 47  E -108.955329 (+44.16 mHa above FCI)
[ 11149 s]     iteration 48  E -108.955335 (+44.16 mHa above FCI)
[ 11382 s]     iteration 49  E -108.955342 (+44.15 mHa above FCI)
[ 11629 s]     iteration 50  E -108.955349 (+44.14 mHa above FCI)
[ 11862 s]     iteration 51  E -108.955357 (+44.13 mHa above FCI)
[ 12110 s]     iteration 52  E -108.955365 (+44.13 mHa above FCI)
[ 12340 s]     iteration 53  E -108.955374 (+44.12 mHa above FCI)
[ 12549 s]     iteration 54  E -108.955385 (+44.11 mHa above FCI)
[ 12763 s]     iteration 55  E -108.955396 (+44.09 mHa above FCI)
[ 13000 s]     iteration 56  E -108.955408 (+44.08 mHa above FCI)
[ 13231 s]     iteration 57  E -108.955421 (+44.07 mHa above FCI)
[ 13454 s]     iteration 58  E -108.955436 (+44.05 mHa above FCI)
[ 13691 s]     iteration 59  E -108.955452 (+44.04 mHa above FCI)
[ 13915 s]     iteration 60  E -108.955468 (+44.02 mHa above FCI)
[ 14156 s]     iteration 61  E -108.955484 (+44.01 mHa above FCI)
[ 14394 s]     iteration 62  E -108.955501 (+43.99 mHa above FCI)
[     4 s] R = 1.0975: (10e,12o), dim 627264, FCI -108.999490, HF -108.867774
[     4 s] local: resuming from lucj_overlap_local_run3_ckpt.npz at iteration 62, E -108.955501 (+43.99 mHa above FCI)
[   517 s]     iteration 63  E -108.955517 (+43.97 mHa above FCI)
[   817 s]     iteration 64  E -108.955532 (+43.96 mHa above FCI)
[  1098 s]     iteration 65  E -108.955547 (+43.94 mHa above FCI)
[  1374 s]     iteration 66  E -108.955561 (+43.93 mHa above FCI)
[  1647 s]     iteration 67  E -108.955576 (+43.91 mHa above FCI)
[  1901 s]     iteration 68  E -108.955590 (+43.90 mHa above FCI)
[  2166 s]     iteration 69  E -108.955605 (+43.88 mHa above FCI)
[  2448 s]     iteration 70  E -108.955620 (+43.87 mHa above FCI)
[  2731 s]     iteration 71  E -108.955635 (+43.86 mHa above FCI)
[  3050 s]     iteration 72  E -108.955650 (+43.84 mHa above FCI)
[  3290 s]     iteration 73  E -108.955664 (+43.83 mHa above FCI)
[  3537 s]     iteration 74  E -108.955677 (+43.81 mHa above FCI)
[  3820 s]     iteration 75  E -108.955689 (+43.80 mHa above FCI)
[  4066 s]     iteration 76  E -108.955700 (+43.79 mHa above FCI)
[  4287 s]     iteration 77  E -108.955710 (+43.78 mHa above FCI)
[  4518 s]     iteration 78  E -108.955719 (+43.77 mHa above FCI)
[  4788 s]     iteration 79  E -108.955727 (+43.76 mHa above FCI)
[  5009 s]     iteration 80  E -108.955734 (+43.76 mHa above FCI)
[  5293 s]     iteration 81  E -108.955741 (+43.75 mHa above FCI)
[  5524 s]     iteration 82  E -108.955747 (+43.74 mHa above FCI)
[  5803 s]     iteration 83  E -108.955753 (+43.74 mHa above FCI)
[  6057 s]     iteration 84  E -108.955758 (+43.73 mHa above FCI)
[  6295 s]     iteration 85  E -108.955762 (+43.73 mHa above FCI)
[  6516 s]     iteration 86  E -108.955767 (+43.72 mHa above FCI)
[  6756 s]     iteration 87  E -108.955770 (+43.72 mHa above FCI)
[  7004 s]     iteration 88  E -108.955774 (+43.72 mHa above FCI)
[  7242 s]     iteration 89  E -108.955777 (+43.71 mHa above FCI)
[  7467 s]     iteration 90  E -108.955780 (+43.71 mHa above FCI)
[  7712 s]     iteration 91  E -108.955783 (+43.71 mHa above FCI)
[  7943 s]     iteration 92  E -108.955785 (+43.71 mHa above FCI)
[  8189 s]     iteration 93  E -108.955787 (+43.70 mHa above FCI)
[  8416 s]     iteration 94  E -108.955789 (+43.70 mHa above FCI)
[  8647 s]     iteration 95  E -108.955791 (+43.70 mHa above FCI)
[  8878 s]     iteration 96  E -108.955793 (+43.70 mHa above FCI)
[  9125 s]     iteration 97  E -108.955794 (+43.70 mHa above FCI)
[  9345 s]     iteration 98  E -108.955796 (+43.69 mHa above FCI)
[  9592 s]     iteration 99  E -108.955797 (+43.69 mHa above FCI)
[  9830 s]     iteration 100  E -108.955799 (+43.69 mHa above FCI)
[ 10065 s]     iteration 101  E -108.955800 (+43.69 mHa above FCI)
[ 10315 s]     iteration 102  E -108.955801 (+43.69 mHa above FCI)
[ 10546 s]     iteration 103  E -108.955802 (+43.69 mHa above FCI)
[ 10783 s]     iteration 104  E -108.955803 (+43.69 mHa above FCI)
[ 10784 s]     iteration 105  E -108.955803 (+43.69 mHa above FCI)
[ 10784 s] local optimized: 311 parameters, 105 iterations in all (42 this run), converged=True [Convergence: Relative reduction of objective function <= ftol.], E -108.955803 (+43.69 mHa), 269 configurations, weight 0.9894, static loop +6.05 mHa on 88 strings (10781 s)
[ 10784 s] saved
